components/features/analytics/call-logs-table.tsx(71,32): error TS2322: Type 'CallLog | null' is not assignable to type '{ call_id: string; start_time: string; duration_seconds: number; handoff_success: boolean; brand_alignment: boolean; compliance_check: boolean; csat_score: string | null; lead_quality_score: string | null; transcript_summary: string | null; transcript_full: { ...; }[] | null; evaluation_rationale: { ...; } | null; }...'.
  Type 'CallLog' is not assignable to type '{ call_id: string; start_time: string; duration_seconds: number; handoff_success: boolean; brand_alignment: boolean; compliance_check: boolean; csat_score: string | null; lead_quality_score: string | null; transcript_summary: string | null; transcript_full: { ...; }[] | null; evaluation_rationale: { ...; } | null; }'.
    Types of property 'transcript_full' are incompatible.
      Type 'unknown' is not assignable to type '{ role: string; message: string | null; tool_calls?: ToolCall[] | undefined; tool_results?: ToolResult[] | undefined; time_in_call_secs: number; }[] | null'.
